// Jest Snapshot v1, https://goo.gl/fbAQLP

exports[`renders correctly 1`] = `
<h6>
  Login/Signup to create a discussion
</h6>
`;
